// Jest Snapshot v1, https://goo.gl/fbAQLP

exports[`weight-properties weight-properties: 0 1`] = `
<div>
  <form
    onSubmit={[Function]}
  >
    <h2>
      Component with weighted properties
    </h2>
    <div>
      <div>
        <div>
          <div>
            <h3>
              Content
            </h3>
            <div>
              <label
                htmlFor="title"
              >
                title
              </label>
              <textarea
                id="title"
                name="title"
                onChange={[Function]}
                rows={3}
                value="example text"
              />
            </div>
            <div>
              <label
                htmlFor="text"
              >
                text
              </label>
              <textarea
                id="text"
                name="text"
                onChange={[Function]}
                rows={3}
                value="example text"
              />
            </div>
            <div>
              <label
                htmlFor="details"
              >
                details
              </label>
              <textarea
                id="details"
                name="details"
                onChange={[Function]}
                rows={3}
                value="example text"
              />
            </div>
          </div>
          <div>
            <h3>
              Formatting
            </h3>
            <div>
              <div>
                <label
                  htmlFor="alignHorizontal"
                >
                  align horizontal
                </label>
                <div>
                  <span>
                    <input
                      aria-label="left align"
                      checked={true}
                      id="alignHorizontal1"
                      name="alignHorizontal"
                      onChange={[Function]}
                      type="radio"
                      value="left"
                    />
                  </span>
                  <span>
                    <input
                      aria-label="center align"
                      checked={false}
                      id="alignHorizontal2"
                      name="alignHorizontal"
                      onChange={[Function]}
                      type="radio"
                      value="center"
                    />
                  </span>
                  <span>
                    <input
                      aria-label="right align"
                      checked={false}
                      id="alignHorizontal3"
                      name="alignHorizontal"
                      onChange={[Function]}
                      type="radio"
                      value="right"
                    />
                  </span>
                </div>
              </div>
            </div>
            <div
              className="formItemSelect-0-1-1"
            >
              <label
                className="formItemSelect_label-0-1-2"
              >
                align vertical
              </label>
              <span
                className="formItemSelect_span-0-1-3"
              >
                <select
                  className="formItemSelect_input-0-1-4"
                  onChange={[Function]}
                  value="top"
                >
                  <option
                    className="formItemSelect_option-0-1-5"
                    value="top"
                  >
                    top
                  </option>
                  <option
                    className="formItemSelect_option-0-1-5"
                    value="bottom"
                  >
                    bottom
                  </option>
                  <option
                    className="formItemSelect_option-0-1-5"
                    value="center"
                  >
                    center
                  </option>
                </select>
              </span>
            </div>
            <div>
              <label
                htmlFor="level"
              >
                level
              </label>
              <input
                id="level"
                max={undefined}
                min={undefined}
                name="number5"
                onChange={[Function]}
                step={undefined}
                type="number"
                value="5"
              />
            </div>
          </div>
          <div>
            <h3>
              Developer
            </h3>
            <div
              className="formItemSelect-0-1-6"
            >
              <label
                className="formItemSelect_label-0-1-7"
              >
                tag
              </label>
              <span
                className="formItemSelect_span-0-1-8"
              >
                <select
                  className="formItemSelect_input-0-1-9"
                  onChange={[Function]}
                  value="span"
                >
                  <option
                    className="formItemSelect_option-0-1-10"
                    value="span"
                  >
                    span
                  </option>
                  <option
                    className="formItemSelect_option-0-1-10"
                    value="button"
                  >
                    button
                  </option>
                </select>
              </span>
            </div>
          </div>
        </div>
      </div>
    </div>
  </form>
</div>
`;
