// Jest Snapshot v1, https://goo.gl/fbAQLP

exports[`progress snapshots Progress: 0 1`] = `
<div
  aria-valuemax={100}
  aria-valuemin={0}
  aria-valuenow={50}
  className="progress-0-1-1"
  role="progressbar"
>
  <div
    className="progress_indicator-0-1-3 progress_indicator__determinate-0-1-4"
    slot="determinate"
  >
    <div
      className="progress_valueIndicator-0-1-2"
      style={
        Object {
          "width": "50%",
        }
      }
    />
  </div>
</div>
`;

exports[`progress snapshots Progress: 1 1`] = `
<div
  aria-valuemax={100}
  aria-valuemin={0}
  className="progress-0-1-1"
  role="progressbar"
>
  <div
    className="progress_indicator-0-1-3"
    slot="indeterminate"
  >
    <span
      className="progress_dot-0-1-5 progress_dot__1-0-1-6"
    />
    <span
      className="progress_dot-0-1-5 progress_dot__2-0-1-7"
    />
    <span
      className="progress_dot-0-1-5 progress_dot__3-0-1-8"
    />
    <span
      className="progress_dot-0-1-5 progress_dot__4-0-1-9"
    />
    <span
      className="progress_dot-0-1-5 progress_dot__5-0-1-10"
    />
  </div>
</div>
`;
