// Jest Snapshot v1, https://goo.gl/fbAQLP

exports[`button button: 0 1`] = `
<button
  className="button"
>
  Button text
</button>
`;
