// Jest Snapshot v1, https://goo.gl/fbAQLP

exports[`label label: 0 1`] = `
<label
  className="label-0-1-1"
>
  Label
</label>
`;

exports[`label label: 1 1`] = `
<legend
  className="label-0-1-3"
>
  Legend label
</legend>
`;

exports[`label label: 2 1`] = `
<label
  className="label_hidden-0-1-6"
>
  Hidden label
</label>
`;
