// Jest Snapshot v1, https://goo.gl/fbAQLP

exports[`number-field number-field: 0 1`] = `
<div
  className={null}
>
  <form
    onSubmit={[Function]}
  >
    <div>
      <div>
        <div>
          <div
            className="formItemSelect-0-1-1"
          >
            <label
              className="formItemSelect_label-0-1-2"
            >
              Level
            </label>
            <span
              className="formItemSelect_span-0-1-3"
            >
              <select
                className="formItemSelect_input-0-1-4"
                onChange={[Function]}
                value="1"
              >
                <option
                  value="1"
                >
                  1
                </option>
                <option
                  value="2"
                >
                  2
                </option>
                <option
                  value="3"
                >
                  3
                </option>
                <option
                  value="4"
                >
                  4
                </option>
              </select>
            </span>
          </div>
          <div
            className="formItemNumberField-0-1-5"
          >
            <label
              className="formItemNumberField_label-0-1-6"
              htmlFor="quantity"
            >
              Quantity
            </label>
            <input
              className="formItemNumberField_input-0-1-7"
              id="quantity"
              max={50}
              min={0}
              name="number10"
              onChange={[Function]}
              step={5}
              type="number"
              value="10"
            />
          </div>
        </div>
      </div>
    </div>
  </form>
</div>
`;
