// Jest Snapshot v1, https://goo.gl/fbAQLP

exports[`align-horizontal align-horizontal: 0 1`] = `
<div
  className={null}
>
  <form
    onSubmit={[Function]}
  >
    <h2>
      Component with align horizontal
    </h2>
    <div>
      <div>
        <div>
          <div>
            <div
              className="formItemAlignHorizontal-0-1-10"
            >
              <label
                className="formItemAlignHorizontal_label-0-1-11"
                htmlFor="alignHorizontal"
              >
                Align horizontal
              </label>
              <div>
                <span>
                  <input
                    aria-label="left align"
                    checked={true}
                    className="formItemAlignHorizontal_input__left-0-1-12"
                    id="alignHorizontal"
                    name="alignHorizontal"
                    onChange={[Function]}
                    type="radio"
                    value="left"
                  />
                </span>
                <span>
                  <input
                    aria-label="center align"
                    checked={false}
                    className="formItemAlignHorizontal_input__center-0-1-13"
                    id="alignHorizontal"
                    name="alignHorizontal"
                    onChange={[Function]}
                    type="radio"
                    value="center"
                  />
                </span>
                <span>
                  <input
                    aria-label="right align"
                    checked={false}
                    className="formItemAlignHorizontal_input__right-0-1-14"
                    id="alignHorizontal"
                    name="alignHorizontal"
                    onChange={[Function]}
                    type="radio"
                    value="right"
                  />
                </span>
              </div>
            </div>
          </div>
        </div>
      </div>
    </div>
  </form>
</div>
`;
