// Jest Snapshot v1, https://goo.gl/fbAQLP

exports[`one-of one-of: 0 1`] = `
<div
  className={null}
>
  <form
    onSubmit={[Function]}
  >
    <div>
      <div>
        <div>
          <div
            className="formSection_selectWrapper-0-1-9"
          >
            <label
              className="formSection_selectLabel-0-1-12"
              htmlFor="2"
            >
              Configuration
            </label>
            <span
              className="formSection_selectSpan-0-1-10"
            >
              <select
                className="formSection_selectInput-0-1-11"
                id="2"
                onChange={[Function]}
                value={0}
              >
                <option
                  value={0}
                >
                  string
                </option>
                <option
                  value={1}
                >
                  number
                </option>
              </select>
            </span>
          </div>
          <div
            className="formItemTextarea-0-1-1"
          >
            <label
              className="formItemTextarea_label-0-1-2"
              htmlFor="string"
            >
              string
            </label>
            <textarea
              className="formItemTextarea_textarea-0-1-3"
              id="string"
              name="string"
              onChange={[Function]}
              rows={3}
              value=""
            />
          </div>
        </div>
      </div>
    </div>
  </form>
</div>
`;
