// Jest Snapshot v1, https://goo.gl/fbAQLP

exports[`checkbox checkbox: 0 1`] = `
<div
  className={null}
>
  <form
    onSubmit={[Function]}
  >
    <h2>
      Component with checkbox
    </h2>
    <div>
      <div>
        <div>
          <div
            className="formItemCheckbox-0-1-10"
          >
            <label
              className="formItemCheckbox_label-0-1-11"
              htmlFor="toggle"
            >
              Checkbox
            </label>
            <input
              checked={true}
              className="formItemCheckbox_input-0-1-12"
              id="toggle"
              onChange={[Function]}
              type="checkbox"
              value="true"
            />
            <span />
          </div>
        </div>
      </div>
    </div>
  </form>
</div>
`;
